// Jest Snapshot v1, https://goo.gl/fbAQLP

exports[`renders ./components/slider/demo/basic.md correctly 1`] = `
<div
  class="am-slider-example"
>
  <div
    class="am-whitespace am-whitespace-lg"
  />
  <div
    class="am-wingblank am-wingblank-lg"
  >
    <p
      class="sub-title"
    >
      Slider
    </p>
    <div
      class="am-slider-wrapper"
    >
      <div
        class="am-slider"
        style="margin-left:30px;margin-right:30px"
      >
        <div
          class="am-slider-rail"
        />
        <div
          class="am-slider-track"
          style="visibility:visible;left:0%;width:86.66666666666667%"
        />
        <div
          class="am-slider-step"
        />
        <div
          aria-disabled="false"
          aria-valuemax="30"
          aria-valuemin="0"
          aria-valuenow="26"
          class="am-slider-handle"
          role="slider"
          style="left:86.66666666666667%"
        />
        <div
          class="am-slider-mark"
        />
      </div>
    </div>
  </div>
  <div
    class="am-whitespace am-whitespace-lg"
  />
  <div
    class="am-wingblank am-wingblank-lg"
  >
    <p
      class="sub-title"
    >
      Disabled slider
    </p>
    <div
      class="am-slider-wrapper"
    >
      <div
        class="am-slider am-slider-disabled"
        style="margin-left:30px;margin-right:30px"
      >
        <div
          class="am-slider-rail"
        />
        <div
          class="am-slider-track"
          style="visibility:visible;left:0%;width:86.66666666666667%"
        />
        <div
          class="am-slider-step"
        />
        <div
          aria-disabled="true"
          aria-valuemax="30"
          aria-valuemin="0"
          aria-valuenow="26"
          class="am-slider-handle"
          role="slider"
          style="left:86.66666666666667%"
        />
        <div
          class="am-slider-mark"
        />
      </div>
    </div>
  </div>
  <div
    class="am-whitespace am-whitespace-lg"
  />
  <div
    class="am-wingblank am-wingblank-lg"
  >
    <p
      class="sub-title"
    >
      Slider with customized color
    </p>
    <div
      class="am-slider-wrapper"
    >
      <div
        class="am-slider"
        style="margin-left:30px;margin-right:30px"
      >
        <div
          class="am-slider-rail"
          style="background-color:blue;height:5px"
        />
        <div
          class="am-slider-track"
          style="visibility:visible;background-color:red;height:5px;left:0%;width:86.66666666666667%"
        />
        <div
          class="am-slider-step"
        />
        <div
          aria-disabled="false"
          aria-valuemax="30"
          aria-valuemin="0"
          aria-valuenow="26"
          class="am-slider-handle"
          role="slider"
          style="border-color:blue;height:14px;width:14px;margin-left:-7px;margin-top:-4.5px;background-color:blue;left:86.66666666666667%"
        />
        <div
          class="am-slider-mark"
        />
      </div>
    </div>
  </div>
</div>
`;
