// Jest Snapshot v1, https://goo.gl/fbAQLP

exports[`renders ./components/radio/demo/basic.md correctly 1`] = `
<div>
  <div
    class="am-list"
  >
    <div
      class="am-list-header"
    >
      RadioItem demo
    </div>
    <div
      class="am-list-body"
    >
      <div
        checked=""
        class="am-list-item am-radio-item am-list-item-middle"
      >
        <div
          class="am-list-line"
        >
          <div
            class="am-list-content"
          >
            doctor
          </div>
          <div
            class="am-list-extra"
          >
            <label
              class="am-radio-wrapper"
            >
              <span
                class="am-radio am-radio-checked"
              >
                <input
                  checked=""
                  class="am-radio-input"
                  type="radio"
                />
                <span
                  class="am-radio-inner"
                />
              </span>
            </label>
          </div>
        </div>
        <div
          class="am-list-ripple"
          style="display:none"
        />
      </div>
      <div
        class="am-list-item am-radio-item am-list-item-middle"
      >
        <div
          class="am-list-line"
        >
          <div
            class="am-list-content"
          >
            bachelor
          </div>
          <div
            class="am-list-extra"
          >
            <label
              class="am-radio-wrapper"
            >
              <span
                class="am-radio"
              >
                <input
                  class="am-radio-input"
                  type="radio"
                />
                <span
                  class="am-radio-inner"
                />
              </span>
            </label>
          </div>
        </div>
        <div
          class="am-list-ripple"
          style="display:none"
        />
      </div>
    </div>
  </div>
  <div
    class="am-whitespace am-whitespace-lg"
  />
  <div
    class="am-list"
  >
    <div
      class="am-list-body"
    >
      <div
        checked=""
        class="am-list-item am-radio-item am-list-item-middle"
      >
        <div
          class="am-list-line"
        >
          <div
            class="am-list-content"
          >
            basketball
            <div
              class="am-list-brief"
            >
              details
            </div>
          </div>
          <div
            class="am-list-extra"
          >
            <label
              class="am-radio-wrapper"
            >
              <span
                class="am-radio am-radio-checked"
              >
                <input
                  checked=""
                  class="am-radio-input"
                  type="radio"
                />
                <span
                  class="am-radio-inner"
                />
              </span>
            </label>
          </div>
        </div>
        <div
          class="am-list-ripple"
          style="display:none"
        />
      </div>
      <div
        class="am-list-item am-radio-item am-list-item-middle"
      >
        <div
          class="am-list-line"
        >
          <div
            class="am-list-content"
          >
            football
            <div
              class="am-list-brief"
            >
              details
            </div>
          </div>
          <div
            class="am-list-extra"
          >
            <label
              class="am-radio-wrapper"
            >
              <span
                class="am-radio"
              >
                <input
                  class="am-radio-input"
                  type="radio"
                />
                <span
                  class="am-radio-inner"
                />
              </span>
            </label>
          </div>
        </div>
        <div
          class="am-list-ripple"
          style="display:none"
        />
      </div>
    </div>
  </div>
  <div
    class="am-list"
  >
    <div
      class="am-list-header"
    >
      Disabled
    </div>
    <div
      class="am-list-body"
    >
      <div
        checked=""
        class="am-list-item am-radio-item am-radio-item-disabled am-list-item-middle"
      >
        <div
          class="am-list-line"
        >
          <div
            class="am-list-content"
          >
            doctor
          </div>
          <div
            class="am-list-extra"
          >
            <label
              class="am-radio-wrapper"
            >
              <span
                class="am-radio am-radio-checked am-radio-disabled"
              >
                <input
                  checked=""
                  class="am-radio-input"
                  disabled=""
                  type="radio"
                />
                <span
                  class="am-radio-inner"
                />
              </span>
            </label>
          </div>
        </div>
        <div
          class="am-list-ripple"
          style="display:none"
        />
      </div>
      <div
        class="am-list-item am-radio-item am-radio-item-disabled am-list-item-middle"
      >
        <div
          class="am-list-line"
        >
          <div
            class="am-list-content"
          >
            bachelor
          </div>
          <div
            class="am-list-extra"
          >
            <label
              class="am-radio-wrapper"
            >
              <span
                class="am-radio am-radio-disabled"
              >
                <input
                  class="am-radio-input"
                  disabled=""
                  type="radio"
                />
                <span
                  class="am-radio-inner"
                />
              </span>
            </label>
          </div>
        </div>
        <div
          class="am-list-ripple"
          style="display:none"
        />
      </div>
    </div>
  </div>
  <div
    class="am-whitespace am-whitespace-lg"
  />
  <div
    class="am-list"
  >
    <div
      class="am-list-body"
    >
      <div
        checked=""
        class="am-list-item am-radio-item am-radio-item-disabled am-list-item-middle"
      >
        <div
          class="am-list-line"
        >
          <div
            class="am-list-content"
          >
            basketball
            <div
              class="am-list-brief"
            >
              details
            </div>
          </div>
          <div
            class="am-list-extra"
          >
            <label
              class="am-radio-wrapper"
            >
              <span
                class="am-radio am-radio-checked am-radio-disabled"
              >
                <input
                  checked=""
                  class="am-radio-input"
                  disabled=""
                  type="radio"
                />
                <span
                  class="am-radio-inner"
                />
              </span>
            </label>
          </div>
        </div>
        <div
          class="am-list-ripple"
          style="display:none"
        />
      </div>
      <div
        class="am-list-item am-radio-item am-radio-item-disabled am-list-item-middle"
      >
        <div
          class="am-list-line"
        >
          <div
            class="am-list-content"
          >
            football
            <div
              class="am-list-brief"
            >
              details
            </div>
          </div>
          <div
            class="am-list-extra"
          >
            <label
              class="am-radio-wrapper"
            >
              <span
                class="am-radio am-radio-disabled"
              >
                <input
                  class="am-radio-input"
                  disabled=""
                  type="radio"
                />
                <span
                  class="am-radio-inner"
                />
              </span>
            </label>
          </div>
        </div>
        <div
          class="am-list-ripple"
          style="display:none"
        />
      </div>
    </div>
  </div>
  <div
    class="am-flexbox am-flexbox-align-center"
    style="padding:15px"
  >
    <div
      class="am-flexbox-item"
      style="padding:15px 0;color:#888;flex:none"
    >
      Radio demo(dustomized style)
    </div>
    <div
      class="am-flexbox-item"
    >
      <label
        class="am-radio-wrapper my-radio"
      >
        <span
          class="am-radio"
        >
          <input
            class="am-radio-input"
            type="radio"
          />
          <span
            class="am-radio-inner"
          />
        </span>
        Agree
      </label>
    </div>
  </div>
</div>
`;
