// Jest Snapshot v1, https://goo.gl/fbAQLP

exports[`renders ./components/locale-provider/demo/basic.md correctly 1`] = `
<div
  class="am-wingblank am-wingblank-lg"
>
  <div>
    <div
      class="am-list-item am-list-item-middle"
    >
      <div
        class="am-list-line"
      >
        <div
          class="am-list-content"
        >
          Choose language
        </div>
        <div
          class="am-list-extra"
        >
          English
        </div>
        <div
          aria-hidden="true"
          class="am-list-arrow am-list-arrow-horizontal"
        />
      </div>
      <div
        class="am-list-ripple"
        style="display:none"
      />
    </div>
  </div>
  <div
    class="am-whitespace am-whitespace-xl"
  />
  <div
    class="am-whitespace am-whitespace-xl"
  />
  <div>
    <div
      class="am-pagination"
    >
      <div
        class="am-flexbox am-flexbox-align-center"
      >
        <div
          class="am-flexbox-item am-pagination-wrap-btn am-pagination-wrap-btn-prev"
        >
          <a
            aria-disabled="true"
            class="am-button am-button-inline am-button-disabled"
            role="button"
          >
            <span>
              Prev
            </span>
          </a>
        </div>
        <div
          aria-live="assertive"
          class="am-flexbox-item am-pagination-wrap"
        >
          <span
            class="active"
          >
            1
          </span>
          /
          <span>
            5
          </span>
        </div>
        <div
          class="am-flexbox-item am-pagination-wrap-btn am-pagination-wrap-btn-next"
        >
          <a
            aria-disabled="false"
            class="am-button am-button-inline"
            role="button"
          >
            <span>
              Next
            </span>
          </a>
        </div>
      </div>
    </div>
    <div
      class="am-whitespace am-whitespace-md"
    />
    <div
      class="am-list date-picker-list"
      style="background-color:white"
    >
      <div
        class="am-list-body"
      >
        <div>
          <div
            class="am-list-item am-list-item-middle"
          >
            <div
              class="am-list-line"
            >
              <div
                class="am-list-content"
              >
                datePicker
              </div>
              <div
                class="am-list-extra"
              >
                please select
              </div>
              <div
                aria-hidden="true"
                class="am-list-arrow am-list-arrow-horizontal"
              />
            </div>
            <div
              class="am-list-ripple"
              style="display:none"
            />
          </div>
        </div>
        <div>
          <div
            class="am-list-item am-list-item-middle"
          >
            <div
              class="am-list-line"
            >
              <div
                class="am-list-content"
              >
                picker
              </div>
              <div
                class="am-list-extra"
              >
                please select
              </div>
              <div
                aria-hidden="true"
                class="am-list-arrow am-list-arrow-horizontal"
              />
            </div>
            <div
              class="am-list-ripple"
              style="display:none"
            />
          </div>
        </div>
      </div>
    </div>
    <div
      class="am-whitespace am-whitespace-md"
    />
    <form
      action="#"
      class="am-search"
    >
      <div
        class="am-search-input"
      >
        <div
          class="am-search-synthetic-ph"
        >
          <span
            class="am-search-synthetic-ph-container"
          >
            <i
              class="am-search-synthetic-ph-icon"
            />
            <span
              class="am-search-synthetic-ph-placeholder"
              style="visibility:visible"
            >
              Search
            </span>
          </span>
        </div>
        <input
          class="am-search-value"
          placeholder="Search"
          type="search"
          value=""
        />
        <a
          class="am-search-clear"
        />
      </div>
      <div
        class="am-search-cancel am-search-cancel-show"
      >
        Cancel
      </div>
    </form>
    <div
      class="am-whitespace am-whitespace-md"
    />
    <div
      class="am-list-item am-input-item am-list-item-middle"
    >
      <div
        class="am-list-line"
      >
        <div
          class="am-input-control"
        >
          <div
            class="fake-input-container"
          >
            <div
              class="fake-input-placeholder"
            >
              money input
            </div>
            <div
              aria-label="money input"
              class="fake-input"
              role="textbox"
            />
          </div>
        </div>
      </div>
    </div>
  </div>
</div>
`;
