// Jest Snapshot v1, https://goo.gl/fbAQLP

exports[`renders ./components/nav-bar/demo/basic.md correctly 1`] = `
<div>
  <div
    class="am-navbar am-navbar-light"
  >
    <div
      class="am-navbar-left"
      role="button"
    >
      <span
        aria-hidden="true"
        class="am-navbar-left-icon"
      >
        <svg
          class="am-icon am-icon-left am-icon-md"
        >
          <use
            href="#left"
          />
        </svg>
      </span>
    </div>
    <div
      class="am-navbar-title"
    >
      NavBar
    </div>
    <div
      class="am-navbar-right"
    >
      <svg
        class="am-icon am-icon-search am-icon-md"
        style="margin-right:16px"
      >
        <use
          href="#search"
        />
      </svg>
      <svg
        class="am-icon am-icon-ellipsis am-icon-md"
      >
        <use
          href="#ellipsis"
        />
      </svg>
    </div>
  </div>
  <div
    class="am-navbar am-navbar-dark"
  >
    <div
      class="am-navbar-left"
      role="button"
    >
      Back
    </div>
    <div
      class="am-navbar-title"
    >
      NavBar
    </div>
    <div
      class="am-navbar-right"
    >
      <svg
        class="am-icon am-icon-search am-icon-md"
        style="margin-right:16px"
      >
        <use
          href="#search"
        />
      </svg>
      <svg
        class="am-icon am-icon-ellipsis am-icon-md"
      >
        <use
          href="#ellipsis"
        />
      </svg>
    </div>
  </div>
</div>
`;
