// Jest Snapshot v1, https://goo.gl/fbAQLP

exports[`renders ./components/search-bar/demo/basic.md correctly 1`] = `
<div>
  <div
    class="am-wingblank am-wingblank-lg"
  >
    <div
      class="sub-title"
    >
      Normal
    </div>
  </div>
  <form
    action="#"
    class="am-search"
  >
    <div
      class="am-search-input"
    >
      <div
        class="am-search-synthetic-ph"
      >
        <span
          class="am-search-synthetic-ph-container"
        >
          <i
            class="am-search-synthetic-ph-icon"
          />
          <span
            class="am-search-synthetic-ph-placeholder"
            style="visibility:visible"
          >
            Search
          </span>
        </span>
      </div>
      <input
        class="am-search-value"
        maxlength="8"
        placeholder="Search"
        type="search"
        value=""
      />
      <a
        class="am-search-clear"
      />
    </div>
    <div
      class="am-search-cancel"
    >
      取消
    </div>
  </form>
  <div
    class="am-whitespace am-whitespace-md"
  />
  <div
    class="am-wingblank am-wingblank-lg"
  >
    <div
      class="sub-title"
    >
      AutoFocus when enter page
    </div>
  </div>
  <form
    action="#"
    class="am-search"
  >
    <div
      class="am-search-input"
    >
      <div
        class="am-search-synthetic-ph"
      >
        <span
          class="am-search-synthetic-ph-container"
        >
          <i
            class="am-search-synthetic-ph-icon"
          />
          <span
            class="am-search-synthetic-ph-placeholder"
            style="visibility:visible"
          >
            自动获取光标
          </span>
        </span>
      </div>
      <input
        class="am-search-value"
        placeholder="自动获取光标"
        type="search"
        value=""
      />
      <a
        class="am-search-clear"
      />
    </div>
    <div
      class="am-search-cancel"
    >
      取消
    </div>
  </form>
  <div
    class="am-whitespace am-whitespace-md"
  />
  <div
    class="am-wingblank am-wingblank-lg"
  >
    <div
      class="sub-title"
    >
      Focus by operation
    </div>
  </div>
  <form
    action="#"
    class="am-search"
  >
    <div
      class="am-search-input"
    >
      <div
        class="am-search-synthetic-ph"
      >
        <span
          class="am-search-synthetic-ph-container"
        >
          <i
            class="am-search-synthetic-ph-icon"
          />
          <span
            class="am-search-synthetic-ph-placeholder"
            style="visibility:visible"
          >
            手动获取获取光标
          </span>
        </span>
      </div>
      <input
        class="am-search-value"
        placeholder="手动获取获取光标"
        type="search"
        value=""
      />
      <a
        class="am-search-clear"
      />
    </div>
    <div
      class="am-search-cancel"
    >
      取消
    </div>
  </form>
  <div
    class="am-whitespace am-whitespace-md"
  />
  <div
    class="am-wingblank am-wingblank-lg"
  >
    <a
      aria-disabled="false"
      class="am-button"
      role="button"
    >
      <span>
        click to focus
      </span>
    </a>
  </div>
  <div
    class="am-whitespace am-whitespace-md"
  />
  <div
    class="am-wingblank am-wingblank-lg"
  >
    <div
      class="sub-title"
    >
      Show cancel button
    </div>
  </div>
  <form
    action="#"
    class="am-search am-search-start"
  >
    <div
      class="am-search-input"
    >
      <div
        class="am-search-synthetic-ph"
      >
        <span
          class="am-search-synthetic-ph-container"
        >
          <i
            class="am-search-synthetic-ph-icon"
          />
          <span
            class="am-search-synthetic-ph-placeholder"
            style="visibility:hidden"
          >
            Search
          </span>
        </span>
      </div>
      <input
        class="am-search-value"
        placeholder="Search"
        type="search"
        value="美食"
      />
      <a
        class="am-search-clear"
      />
    </div>
    <div
      class="am-search-cancel am-search-cancel-show"
    >
      取消
    </div>
  </form>
</div>
`;
