// Jest Snapshot v1, https://goo.gl/fbAQLP

exports[`renders ./components/white-space/demo/basic.md correctly 1`] = `
<div>
  <div
    class="am-whitespace am-whitespace-xs"
  />
  <div
    class=" placeholder"
  >
    Block
  </div>
  <div
    class="am-whitespace am-whitespace-sm"
  />
  <div
    class=" placeholder"
  >
    Block
  </div>
  <div
    class="am-whitespace am-whitespace-md"
  />
  <div
    class=" placeholder"
  >
    Block
  </div>
  <div
    class="am-whitespace am-whitespace-lg"
  />
  <div
    class=" placeholder"
  >
    Block
  </div>
  <div
    class="am-whitespace am-whitespace-xl"
  />
  <div
    class=" placeholder"
  >
    Block
  </div>
</div>
`;
