// Jest Snapshot v1, https://goo.gl/fbAQLP

exports[`renders ./components/segmented-control/demo/basic.md correctly 1`] = `
<div
  class="am-wingblank am-wingblank-lg sc-example"
>
  <p
    class="sub-title"
  >
    Simplest
  </p>
  <div
    class="am-segment"
    role="tablist"
  >
    <div
      aria-disabled="false"
      aria-selected="true"
      class="am-segment-item am-segment-item-selected"
      role="tab"
      style="color:#fff;background-color:;border-color:"
    >
      <div
        class="am-segment-item-inner"
      />
      Segment1
    </div>
    <div
      aria-disabled="false"
      aria-selected="false"
      class="am-segment-item"
      role="tab"
      style="color:;background-color:transparent;border-color:"
    >
      <div
        class="am-segment-item-inner"
      />
      Segment2
    </div>
  </div>
  <p
    class="sub-title"
  >
    Disabled
  </p>
  <div
    class="am-segment am-segment-disabled"
    role="tablist"
  >
    <div
      aria-disabled="true"
      aria-selected="false"
      class="am-segment-item am-segment-item-selected"
      role="tab"
      style="color:#fff;background-color:;border-color:"
    >
      <div
        class="am-segment-item-inner"
      />
      Segment1
    </div>
    <div
      aria-disabled="true"
      aria-selected="false"
      class="am-segment-item"
      role="tab"
      style="color:;background-color:transparent;border-color:"
    >
      <div
        class="am-segment-item-inner"
      />
      Segment2
    </div>
  </div>
  <p
    class="sub-title"
  >
    SelectedIndex
  </p>
  <div
    class="am-segment"
    role="tablist"
  >
    <div
      aria-disabled="false"
      aria-selected="false"
      class="am-segment-item"
      role="tab"
      style="color:;background-color:transparent;border-color:"
    >
      <div
        class="am-segment-item-inner"
      />
      Segment1
    </div>
    <div
      aria-disabled="false"
      aria-selected="true"
      class="am-segment-item am-segment-item-selected"
      role="tab"
      style="color:#fff;background-color:;border-color:"
    >
      <div
        class="am-segment-item-inner"
      />
      Segment2
    </div>
    <div
      aria-disabled="false"
      aria-selected="false"
      class="am-segment-item"
      role="tab"
      style="color:;background-color:transparent;border-color:"
    >
      <div
        class="am-segment-item-inner"
      />
      Segment3
    </div>
  </div>
  <p
    class="sub-title"
  >
    TintColor
  </p>
  <div
    class="am-segment"
    role="tablist"
    style="height:40px;width:250px"
  >
    <div
      aria-disabled="false"
      aria-selected="true"
      class="am-segment-item am-segment-item-selected"
      role="tab"
      style="color:#fff;background-color:#ff0000;border-color:#ff0000"
    >
      <div
        class="am-segment-item-inner"
        style="background-color:#ff0000"
      />
      Segment1
    </div>
    <div
      aria-disabled="false"
      aria-selected="false"
      class="am-segment-item"
      role="tab"
      style="color:#ff0000;background-color:transparent;border-color:#ff0000"
    >
      <div
        class="am-segment-item-inner"
        style="background-color:#ff0000"
      />
      Segment2
    </div>
    <div
      aria-disabled="false"
      aria-selected="false"
      class="am-segment-item"
      role="tab"
      style="color:#ff0000;background-color:transparent;border-color:#ff0000"
    >
      <div
        class="am-segment-item-inner"
        style="background-color:#ff0000"
      />
      Segment3
    </div>
  </div>
  <p
    class="sub-title"
  >
    onChange/onValueChange
  </p>
  <div
    class="am-segment"
    role="tablist"
  >
    <div
      aria-disabled="false"
      aria-selected="true"
      class="am-segment-item am-segment-item-selected"
      role="tab"
      style="color:#fff;background-color:;border-color:"
    >
      <div
        class="am-segment-item-inner"
      />
      Segment1
    </div>
    <div
      aria-disabled="false"
      aria-selected="false"
      class="am-segment-item"
      role="tab"
      style="color:;background-color:transparent;border-color:"
    >
      <div
        class="am-segment-item-inner"
      />
      Segment2
    </div>
    <div
      aria-disabled="false"
      aria-selected="false"
      class="am-segment-item"
      role="tab"
      style="color:;background-color:transparent;border-color:"
    >
      <div
        class="am-segment-item-inner"
      />
      Segment3
    </div>
  </div>
</div>
`;
