// Jest Snapshot v1, https://goo.gl/fbAQLP

exports[`renders ./components/toast/demo/basic.md correctly 1`] = `
<div
  class="am-wingblank am-wingblank-lg"
>
  <div
    class="am-whitespace am-whitespace-md"
  />
  <a
    aria-disabled="false"
    class="am-button"
    role="button"
  >
    <span>
      text only
    </span>
  </a>
  <div
    class="am-whitespace am-whitespace-md"
  />
  <a
    aria-disabled="false"
    class="am-button"
    role="button"
  >
    <span>
      without mask
    </span>
  </a>
  <div
    class="am-whitespace am-whitespace-md"
  />
  <a
    aria-disabled="false"
    class="am-button"
    role="button"
  >
    <span>
      cumstom icon
    </span>
  </a>
  <div
    class="am-whitespace am-whitespace-md"
  />
  <a
    aria-disabled="false"
    class="am-button"
    role="button"
  >
    <span>
      success
    </span>
  </a>
  <div
    class="am-whitespace am-whitespace-md"
  />
  <a
    aria-disabled="false"
    class="am-button"
    role="button"
  >
    <span>
      fail
    </span>
  </a>
  <div
    class="am-whitespace am-whitespace-md"
  />
  <a
    aria-disabled="false"
    class="am-button"
    role="button"
  >
    <span>
      network failure
    </span>
  </a>
  <div
    class="am-whitespace am-whitespace-md"
  />
  <a
    aria-disabled="false"
    class="am-button"
    role="button"
  >
    <span>
      loading
    </span>
  </a>
  <div
    class="am-whitespace am-whitespace-md"
  />
</div>
`;
