// Jest Snapshot v1, https://goo.gl/fbAQLP

exports[`renders ./components/icon/demo/basic.md correctly 1`] = `
<div
  class="am-grid am-grid-square"
>
  <div
    class="am-flexbox am-flexbox-justify-center am-flexbox-align-stretch"
  >
    <div
      class="am-flexbox-item am-grid-item"
      style="width:33.333333333333336%"
    >
      <div
        class="am-grid-item-content"
      >
        <div
          class="am-grid-item-inner-content column-num-3"
        >
          <svg
            class="am-icon am-icon-check-circle am-icon-md"
          >
            <use
              href="#check-circle"
            />
          </svg>
          <div
            class="am-grid-text"
          >
            check-circle
          </div>
        </div>
      </div>
    </div>
    <div
      class="am-flexbox-item am-grid-item"
      style="width:33.333333333333336%"
    >
      <div
        class="am-grid-item-content"
      >
        <div
          class="am-grid-item-inner-content column-num-3"
        >
          <svg
            class="am-icon am-icon-check am-icon-md"
          >
            <use
              href="#check"
            />
          </svg>
          <div
            class="am-grid-text"
          >
            check
          </div>
        </div>
      </div>
    </div>
    <div
      class="am-flexbox-item am-grid-item"
      style="width:33.333333333333336%"
    >
      <div
        class="am-grid-item-content"
      >
        <div
          class="am-grid-item-inner-content column-num-3"
        >
          <svg
            class="am-icon am-icon-check-circle-o am-icon-md"
          >
            <use
              href="#check-circle-o"
            />
          </svg>
          <div
            class="am-grid-text"
          >
            check-circle-o
          </div>
        </div>
      </div>
    </div>
  </div>
  <div
    class="am-flexbox am-flexbox-justify-center am-flexbox-align-stretch"
  >
    <div
      class="am-flexbox-item am-grid-item"
      style="width:33.333333333333336%"
    >
      <div
        class="am-grid-item-content"
      >
        <div
          class="am-grid-item-inner-content column-num-3"
        >
          <svg
            class="am-icon am-icon-cross-circle am-icon-md"
          >
            <use
              href="#cross-circle"
            />
          </svg>
          <div
            class="am-grid-text"
          >
            cross-circle
          </div>
        </div>
      </div>
    </div>
    <div
      class="am-flexbox-item am-grid-item"
      style="width:33.333333333333336%"
    >
      <div
        class="am-grid-item-content"
      >
        <div
          class="am-grid-item-inner-content column-num-3"
        >
          <svg
            class="am-icon am-icon-cross am-icon-md"
          >
            <use
              href="#cross"
            />
          </svg>
          <div
            class="am-grid-text"
          >
            cross
          </div>
        </div>
      </div>
    </div>
    <div
      class="am-flexbox-item am-grid-item"
      style="width:33.333333333333336%"
    >
      <div
        class="am-grid-item-content"
      >
        <div
          class="am-grid-item-inner-content column-num-3"
        >
          <svg
            class="am-icon am-icon-cross-circle-o am-icon-md"
          >
            <use
              href="#cross-circle-o"
            />
          </svg>
          <div
            class="am-grid-text"
          >
            cross-circle-o
          </div>
        </div>
      </div>
    </div>
  </div>
  <div
    class="am-flexbox am-flexbox-justify-center am-flexbox-align-stretch"
  >
    <div
      class="am-flexbox-item am-grid-item"
      style="width:33.333333333333336%"
    >
      <div
        class="am-grid-item-content"
      >
        <div
          class="am-grid-item-inner-content column-num-3"
        >
          <svg
            class="am-icon am-icon-up am-icon-md"
          >
            <use
              href="#up"
            />
          </svg>
          <div
            class="am-grid-text"
          >
            up
          </div>
        </div>
      </div>
    </div>
    <div
      class="am-flexbox-item am-grid-item"
      style="width:33.333333333333336%"
    >
      <div
        class="am-grid-item-content"
      >
        <div
          class="am-grid-item-inner-content column-num-3"
        >
          <svg
            class="am-icon am-icon-down am-icon-md"
          >
            <use
              href="#down"
            />
          </svg>
          <div
            class="am-grid-text"
          >
            down
          </div>
        </div>
      </div>
    </div>
    <div
      class="am-flexbox-item am-grid-item"
      style="width:33.333333333333336%"
    >
      <div
        class="am-grid-item-content"
      >
        <div
          class="am-grid-item-inner-content column-num-3"
        >
          <svg
            class="am-icon am-icon-left am-icon-md"
          >
            <use
              href="#left"
            />
          </svg>
          <div
            class="am-grid-text"
          >
            left
          </div>
        </div>
      </div>
    </div>
  </div>
  <div
    class="am-flexbox am-flexbox-justify-center am-flexbox-align-stretch"
  >
    <div
      class="am-flexbox-item am-grid-item"
      style="width:33.333333333333336%"
    >
      <div
        class="am-grid-item-content"
      >
        <div
          class="am-grid-item-inner-content column-num-3"
        >
          <svg
            class="am-icon am-icon-right am-icon-md"
          >
            <use
              href="#right"
            />
          </svg>
          <div
            class="am-grid-text"
          >
            right
          </div>
        </div>
      </div>
    </div>
    <div
      class="am-flexbox-item am-grid-item"
      style="width:33.333333333333336%"
    >
      <div
        class="am-grid-item-content"
      >
        <div
          class="am-grid-item-inner-content column-num-3"
        >
          <svg
            class="am-icon am-icon-ellipsis am-icon-md"
          >
            <use
              href="#ellipsis"
            />
          </svg>
          <div
            class="am-grid-text"
          >
            ellipsis
          </div>
        </div>
      </div>
    </div>
    <div
      class="am-flexbox-item am-grid-item"
      style="width:33.333333333333336%"
    >
      <div
        class="am-grid-item-content"
      >
        <div
          class="am-grid-item-inner-content column-num-3"
        >
          <svg
            class="am-icon am-icon-loading am-icon-md"
          >
            <use
              href="#loading"
            />
          </svg>
          <div
            class="am-grid-text"
          >
            loading
          </div>
        </div>
      </div>
    </div>
  </div>
</div>
`;

exports[`renders ./components/icon/demo/size.md correctly 1`] = `
<div
  class="am-grid am-grid-square"
>
  <div
    class="am-flexbox am-flexbox-justify-center am-flexbox-align-stretch"
  >
    <div
      class="am-flexbox-item am-grid-item"
      style="width:20%"
    >
      <div
        class="am-grid-item-content"
      >
        <div
          class="am-grid-item-inner-content column-num-5"
        >
          <svg
            class="am-icon am-icon-search am-icon-xxs"
          >
            <use
              href="#search"
            />
          </svg>
          <div
            class="am-grid-text"
          >
            xxs
          </div>
        </div>
      </div>
    </div>
    <div
      class="am-flexbox-item am-grid-item"
      style="width:20%"
    >
      <div
        class="am-grid-item-content"
      >
        <div
          class="am-grid-item-inner-content column-num-5"
        >
          <svg
            class="am-icon am-icon-search am-icon-xs"
          >
            <use
              href="#search"
            />
          </svg>
          <div
            class="am-grid-text"
          >
            xs
          </div>
        </div>
      </div>
    </div>
    <div
      class="am-flexbox-item am-grid-item"
      style="width:20%"
    >
      <div
        class="am-grid-item-content"
      >
        <div
          class="am-grid-item-inner-content column-num-5"
        >
          <svg
            class="am-icon am-icon-search am-icon-sm"
          >
            <use
              href="#search"
            />
          </svg>
          <div
            class="am-grid-text"
          >
            sm
          </div>
        </div>
      </div>
    </div>
    <div
      class="am-flexbox-item am-grid-item"
      style="width:20%"
    >
      <div
        class="am-grid-item-content"
      >
        <div
          class="am-grid-item-inner-content column-num-5"
        >
          <svg
            class="am-icon am-icon-search am-icon-md"
          >
            <use
              href="#search"
            />
          </svg>
          <div
            class="am-grid-text"
          >
            md
          </div>
        </div>
      </div>
    </div>
    <div
      class="am-flexbox-item am-grid-item"
      style="width:20%"
    >
      <div
        class="am-grid-item-content"
      >
        <div
          class="am-grid-item-inner-content column-num-5"
        >
          <svg
            class="am-icon am-icon-search am-icon-lg"
          >
            <use
              href="#search"
            />
          </svg>
          <div
            class="am-grid-text"
          >
            lg
          </div>
        </div>
      </div>
    </div>
  </div>
</div>
`;
