// Jest Snapshot v1, https://goo.gl/fbAQLP

exports[`renders ./components/action-sheet/demo/basic.md correctly 1`] = `
<div
  class="am-wingblank am-wingblank-lg"
>
  <a
    aria-disabled="false"
    class="am-button"
    role="button"
  >
    <span>
      showActionSheet
    </span>
  </a>
  <div
    class="am-whitespace am-whitespace-md"
  />
  <a
    aria-disabled="false"
    class="am-button"
    role="button"
  >
    <span>
      showShareActionSheet
    </span>
  </a>
  <div
    class="am-whitespace am-whitespace-md"
  />
  <a
    aria-disabled="false"
    class="am-button"
    role="button"
  >
    <span>
      showShareActionSheetMulpitleLine
    </span>
  </a>
</div>
`;
