// Jest Snapshot v1, https://goo.gl/fbAQLP

exports[`renders ./components/popover/demo/basic.md correctly 1`] = `
<div>
  <div
    class="am-navbar am-navbar-light"
  >
    <div
      class="am-navbar-left"
      role="button"
    />
    <div
      class="am-navbar-title"
    >
      NavBar
    </div>
    <div
      class="am-navbar-right"
    >
      <div
        style="height:100%;padding:0 15px;margin-right:-15px;display:flex;align-items:center"
      >
        <svg
          class="am-icon am-icon-ellipsis am-icon-md"
        >
          <use
            href="#ellipsis"
          />
        </svg>
      </div>
    </div>
  </div>
</div>
`;
