// Jest Snapshot v1, https://goo.gl/fbAQLP

exports[`Accordion match snapshot 1`] = `
<div
  class="am-accordion"
>
  <div
    class="am-accordion-item"
  >
    <div
      aria-expanded="false"
      class="am-accordion-header"
      role="button"
      tabindex="0"
    >
      <i
        class="arrow"
      />
      标题一
    </div>
  </div>
  <div
    class="am-accordion-item"
  >
    <div
      aria-expanded="false"
      class="am-accordion-header"
      role="button"
      tabindex="0"
    >
      <i
        class="arrow"
      />
      标题二
    </div>
  </div>
</div>
`;
